// Jest Snapshot v1, https://goo.gl/fbAQLP

exports[`Games renders the component 1`] = `
<div>
  <div
    class="container"
  >
    <div
      class="row"
    >
      <div
        class="column col"
      >
        <h3>
          Create Game
        </h3>
        <div
          class="container"
        >
          <form
            class="form"
          >
            <div
              class="field"
            >
              <label
                class="label"
                for="date"
              >
                Date:
              </label>
              <input
                data-testid="date"
                id="date"
                name="date"
                placeholder="date"
                required=""
                type="date"
              />
            </div>
            <div
              class="field"
            >
              <label
                class="label"
                for="name"
              >
                Name:
              </label>
              <input
                id="name"
                name="name"
                required=""
              />
            </div>
            <div
              class="field"
            >
              <label
                class="label"
                for="image"
              >
                Image:
              </label>
              <input
                id="image"
                name="image"
                required=""
              />
            </div>
            <div
              class="field"
            >
              <label
                class="label"
                for="teamVisitor"
              >
                Visitor :
              </label>
              <input
                id="teamVisitor"
                name="team.visitor"
              />
            </div>
            <div
              class="field"
            >
              <label
                class="label"
                for="home"
              >
                Home :
              </label>
              <input
                id="home"
                name="team.home"
                required=""
              />
            </div>
            <div
              class="row"
            >
              <input
                class="submit"
                data-testid="submitButton"
                type="submit"
              />
            </div>
          </form>
        </div>
      </div>
      <div
        class="col"
      >
        <table
          class="table table-hover"
        >
          <thead>
            <tr>
              <th>
                date
              </th>
              <th>
                name
              </th>
              <th>
                image
              </th>
              <th>
                team.visitor
              </th>
              <th>
                team.home
              </th>
            </tr>
          </thead>
          <tbody />
        </table>
      </div>
    </div>
  </div>
</div>
`;
